// Jest Snapshot v1, https://goo.gl/fbAQLP

exports[`<Table /> renders correctly 1`] = `
ShallowWrapper {
  "length": 1,
  Symbol(enzyme.__root__): [Circular],
  Symbol(enzyme.__unrendered__): <Table
    data={
        Object {
            "columns": Array [
              Object {
                "key": "name",
                "title": "Name",
                "type": 0,
              },
            ],
            "rows": Array [
              Object {
                "name": "John Doe",
              },
            ],
          }
    }
/>,
  Symbol(enzyme.__renderer__): Object {
    "batchedUpdates": [Function],
    "getNode": [Function],
    "render": [Function],
    "simulateEvent": [Function],
    "unmount": [Function],
  },
  Symbol(enzyme.__node__): Object {
    "instance": null,
    "key": undefined,
    "nodeType": "host",
    "props": Object {
      "children": Array [
        <table
          className="table"
>
          <thead>
                    <tr>
                              <th>
                                         
                                        Name
                                         
                              </th>
                    </tr>
          </thead>
          <tbody>
                    <tr>
                              <td>
                                        John Doe
                              </td>
                    </tr>
          </tbody>
</table>,
        false,
      ],
      "className": "table-holder",
    },
    "ref": null,
    "rendered": Array [
      Object {
        "instance": null,
        "key": undefined,
        "nodeType": "host",
        "props": Object {
          "children": Array [
            <thead>
              <tr>
                            <th>
                                           
                                          Name
                                           
                            </th>
              </tr>
</thead>,
            <tbody>
              <tr>
                            <td>
                                          John Doe
                            </td>
              </tr>
</tbody>,
          ],
          "className": "table",
        },
        "ref": null,
        "rendered": Array [
          Object {
            "instance": null,
            "key": undefined,
            "nodeType": "host",
            "props": Object {
              "children": <tr>
                <th>
                                 
                                Name
                                 
                </th>
</tr>,
            },
            "ref": null,
            "rendered": Object {
              "instance": null,
              "key": undefined,
              "nodeType": "host",
              "props": Object {
                "children": Array [
                  Array [
                    <th>
                       
                      Name
                       
</th>,
                  ],
                  undefined,
                  undefined,
                ],
              },
              "ref": null,
              "rendered": Array [
                Object {
                  "instance": null,
                  "key": "Name",
                  "nodeType": "host",
                  "props": Object {
                    "children": Array [
                      " ",
                      "Name",
                      " ",
                    ],
                  },
                  "ref": null,
                  "rendered": Array [
                    " ",
                    "Name",
                    " ",
                  ],
                  "type": "th",
                },
                undefined,
                undefined,
              ],
              "type": "tr",
            },
            "type": "thead",
          },
          Object {
            "instance": null,
            "key": undefined,
            "nodeType": "host",
            "props": Object {
              "children": Array [
                <tr>
                  <td>
                                    John Doe
                  </td>
</tr>,
              ],
            },
            "ref": null,
            "rendered": Array [
              Object {
                "instance": null,
                "key": "0",
                "nodeType": "host",
                "props": Object {
                  "children": Array [
                    Array [
                      <td>
                        John Doe
</td>,
                    ],
                    undefined,
                    undefined,
                  ],
                },
                "ref": null,
                "rendered": Array [
                  Object {
                    "instance": null,
                    "key": "00",
                    "nodeType": "host",
                    "props": Object {
                      "children": "John Doe",
                    },
                    "ref": null,
                    "rendered": "John Doe",
                    "type": "td",
                  },
                  undefined,
                  undefined,
                ],
                "type": "tr",
              },
            ],
            "type": "tbody",
          },
        ],
        "type": "table",
      },
      false,
    ],
    "type": "div",
  },
  Symbol(enzyme.__nodes__): Array [
    Object {
      "instance": null,
      "key": undefined,
      "nodeType": "host",
      "props": Object {
        "children": Array [
          <table
            className="table"
>
            <thead>
                        <tr>
                                    <th>
                                                 
                                                Name
                                                 
                                    </th>
                        </tr>
            </thead>
            <tbody>
                        <tr>
                                    <td>
                                                John Doe
                                    </td>
                        </tr>
            </tbody>
</table>,
          false,
        ],
        "className": "table-holder",
      },
      "ref": null,
      "rendered": Array [
        Object {
          "instance": null,
          "key": undefined,
          "nodeType": "host",
          "props": Object {
            "children": Array [
              <thead>
                <tr>
                                <th>
                                                 
                                                Name
                                                 
                                </th>
                </tr>
</thead>,
              <tbody>
                <tr>
                                <td>
                                                John Doe
                                </td>
                </tr>
</tbody>,
            ],
            "className": "table",
          },
          "ref": null,
          "rendered": Array [
            Object {
              "instance": null,
              "key": undefined,
              "nodeType": "host",
              "props": Object {
                "children": <tr>
                  <th>
                                     
                                    Name
                                     
                  </th>
</tr>,
              },
              "ref": null,
              "rendered": Object {
                "instance": null,
                "key": undefined,
                "nodeType": "host",
                "props": Object {
                  "children": Array [
                    Array [
                      <th>
                         
                        Name
                         
</th>,
                    ],
                    undefined,
                    undefined,
                  ],
                },
                "ref": null,
                "rendered": Array [
                  Object {
                    "instance": null,
                    "key": "Name",
                    "nodeType": "host",
                    "props": Object {
                      "children": Array [
                        " ",
                        "Name",
                        " ",
                      ],
                    },
                    "ref": null,
                    "rendered": Array [
                      " ",
                      "Name",
                      " ",
                    ],
                    "type": "th",
                  },
                  undefined,
                  undefined,
                ],
                "type": "tr",
              },
              "type": "thead",
            },
            Object {
              "instance": null,
              "key": undefined,
              "nodeType": "host",
              "props": Object {
                "children": Array [
                  <tr>
                    <td>
                                        John Doe
                    </td>
</tr>,
                ],
              },
              "ref": null,
              "rendered": Array [
                Object {
                  "instance": null,
                  "key": "0",
                  "nodeType": "host",
                  "props": Object {
                    "children": Array [
                      Array [
                        <td>
                          John Doe
</td>,
                      ],
                      undefined,
                      undefined,
                    ],
                  },
                  "ref": null,
                  "rendered": Array [
                    Object {
                      "instance": null,
                      "key": "00",
                      "nodeType": "host",
                      "props": Object {
                        "children": "John Doe",
                      },
                      "ref": null,
                      "rendered": "John Doe",
                      "type": "td",
                    },
                    undefined,
                    undefined,
                  ],
                  "type": "tr",
                },
              ],
              "type": "tbody",
            },
          ],
          "type": "table",
        },
        false,
      ],
      "type": "div",
    },
  ],
  Symbol(enzyme.__options__): Object {
    "adapter": ReactSixteenAdapter {
      "options": Object {
        "enableComponentDidUpdateOnSetState": true,
      },
    },
  },
}
`;
